sin(0) =  0
cos(0) =  1
sqrt(4) =  2
int(3.14) =  3
float(5) =  5
str(42) =  42
len([1 2 3]) =  3
len(\"hello\") =  5
[1 2] ++ [3 4] =  [1 2 3 4]
\"hi\" ++ \"!\" =  hi!