Caught number: 42
Caught bool: true
Caught array: [1 2 3]