Outer try
Inner try
Inner caught: Inner error
Outer caught: Rethrow