Function called
Caught from function: Function error