3.14
0.5
42
4
6.3
10
3.3333333333333335
true
true
true
false
3.5
4.5