Integer:  42
String:  Hello
Boolean true:  true
Boolean false:  false