Array length:  5
Element at index 0:  10
Element at index 2:  30
Element at index 4:  50