Hello from FFI!
sin( 1.5708 ) =  0.9999999999932537