Original:  [1, 2, 3, 4, 5]
Doubled:  [2, 4, 6, 8, 10]