10 < 20 =  true
20 < 10 =  false
10 > 5 =  true
5 > 10 =  false
10 == 10 =  true
10 == 20 =  false