Int class:  Class: Int
String class:  Class: String
Array class:  Class: Array
Map class:  Class: Map
Any class:  Class: Any