Dog barks
Animal eats
Dog wags tail
Mammal breathes
Cat meows
Lion roars