Instance variable declarations parsed successfully