Hello from Child
Hello from Base
Woof!
Generic animal sound
Result: 20