Hello from Child
Hello from Base
Base sound: Generic animal sound
Dog sound: Woof!
Sum of 5 and 3 is 8
Result: 8