First statement
Second statement
Third statement
Inside do block: x =  42