Score: 95 Grade: A
Score: 85 Grade: B
Score: 75 Grade: C
Score: 65 Grade: F
Score: 100 Grade: A
Score: 0 Grade: F