Testing elif with score: 85 -> 
Grade: B
Score: 95 -> 
Grade: A
Score: 75 -> 
Grade: C
Score: 65 -> 
Grade: F
Time: 10 hours -> 
Good morning
Time: 20 hours -> 
Good evening