True branch taken
False branch taken
x is between 5 and 15