double(5) =  10
DEBUG:  calculation  =  30
result =  30