AST structure verified - ns and import are special forms