42
0
123456
3.14
1.0
123.456
true
false
nil
"Hello"
"World"
"Multi\nline"
"With \"quotes\""
symbol
my-symbol
snake_case
camelCase
CONSTANT