{"_type":"gene","_head":"GeneDocument","_children":[{"_type":"gene","_head":"person","_props":{"name":"John","age":30},"_children":[{"_type":"gene","_head":"address","_props":{"city":"NYC","zip":10001}}]}]}