true
false
false
false
true
true
true
false
2
nil
false
world
1
2
default
first