Hello, World!
The answer is 42
Pi is 3.14159
Gene Language
10 + 20 = 30
World
Just a string