hello
["a" "b" "c"]
["A" "B" "C"]
6
-1
true
false
true
false
true
false
hello gene
hello world
HELLO WORLD
hello world