add(5, 3) =  8
multiply(4, 7) =  28
Hello from function!