Hello, World!
Hello, Gene!
15
8
localhost:8080
example.com:8080
example.com:443
[INFO]
{ERROR]
<DEBUG>