(factorial 5) =  120
(factorial 0) =  1
(fib 10) =  55