[]
[1]
[1 2 3]
Items: []
Numbers: [1 2 3]
[INFO] Server: []
[ERROR] Database: ["Connection failed" "Retry in 5s"]
Required: value Options: []
Required: value Options: ["opt1" "opt2"]